python : Creating test database for alias 'default' 
('file:memorydb_default?mode=memory&cache=shared')...
At line:1 char:30
+ ... ivate.ps1 ; python website/manage.py test registrations.tests.test_vi ...
+                 ~~~~~~~~~~~~~~~~~~~~~~~~~~~~~~~~~~~~~~~~~~~~~~~~~~~~~~~~~
    + CategoryInfo          : NotSpecified: (Creating test d...che=shared')... 
   :String) [], RemoteException
    + FullyQualifiedErrorId : NativeCommandError
 

Found 21 test(s).
Operations to perform:
  Synchronize unmigrated apps: admin_auto_filters, admin_totals, django_bleach, django_bootstrap5, django_components, django_easy_admin_object_actions, giphousewebsite, github_oauth, messages, nested_admin, sass_processor, staticfiles, tinymce
  Apply all migrations: admin, auth, contenttypes, courses, lecture_registrations, mailing_lists, projects, questionnaires, registrations, room_reservation, sessions, tasks
Synchronizing apps without migrations:
  Creating tables...
    Running deferred SQL...
Running migrations:
  Applying courses.0001_initial... OK
  Applying projects.0001_initial... OK
  Applying contenttypes.0001_initial... OK
  Applying contenttypes.0002_remove_content_type_name... OK
  Applying auth.0001_initial... OK
  Applying auth.0002_alter_permission_name_max_length... OK
  Applying auth.0003_alter_user_email_max_length... OK
  Applying auth.0004_alter_user_username_opts... OK
  Applying auth.0005_alter_user_last_login_null... OK
  Applying auth.0006_require_contenttypes_0002... OK
  Applying auth.0007_alter_validators_add_error_messages... OK
  Applying auth.0008_alter_user_username_max_length... OK
  Applying auth.0009_alter_user_last_name_max_length... OK
  Applying auth.0010_alter_group_name_max_length... OK
  Applying auth.0011_update_proxy_permissions... OK
  Applying auth.0012_alter_user_first_name_max_length... OK
  Applying registrations.0001_initial... OK
  Applying admin.0001_initial... OK
  Applying admin.0002_logentry_remove_auto_add... OK
  Applying admin.0003_logentry_add_action_flag_choices... OK
  Applying lecture_registrations.0001_initial... OK
  Applying lecture_registrations.0002_initial... OK
  Applying mailing_lists.0001_initial... OK
  Applying mailing_lists.0002_initial... OK
  Applying questionnaires.0001_initial... OK
  Applying questionnaires.0002_initial... OK
  Applying room_reservation.0001_initial... OK
  Applying sessions.0001_initial... OK
test_base_url_redirects_to_step_1 (registrations.tests.test_views.RedirectTest.
test_base_url_redirects_to_step_1) ... ok
test_step1 (registrations.tests.test_views.Step1Test.test_step1) ... ok
test_step1_authenticated 
(registrations.tests.test_views.Step1Test.test_step1_authenticated) ... ok
test_step1_current_semester_closed_registration (registrations.tests.test_views
.Step1Test.test_step1_current_semester_closed_registration) ... ok
test_step1_no_semester 
(registrations.tests.test_views.Step1Test.test_step1_no_semester) ... ok
test_step1_old_semester_open_registration (registrations.tests.test_views.Step1
Test.test_step1_old_semester_open_registration) ... ok
test_step1_semester_without_registrations (registrations.tests.test_views.Step1
Test.test_step1_semester_without_registrations) ... ok
test_post_step2 (registrations.tests.test_views.Step2Test.test_post_step2) ... 
Step2 loaded registration Test Registration with 0 questions
Dynamic questions: []
Questions by ID: {}
Root questions: []
Follow-ups by parent: {}
Ordered questions: []
ok
test_post_step2_duplicate_project 
(registrations.tests.test_views.Step2Test.test_post_step2_duplicate_project) 
... Step2 loaded registration Test Registration with 0 questions
Dynamic questions: []
Questions by ID: {}
Root questions: []
Follow-ups by parent: {}
Ordered questions: []
FAIL
test_post_step2_existing_email 
(registrations.tests.test_views.Step2Test.test_post_step2_existing_email) ... 
Step2 loaded registration Test Registration with 0 questions
Dynamic questions: []
Questions by ID: {}
Root questions: []
Follow-ups by parent: {}
Ordered questions: []
FAIL
test_post_step2_existing_student_number (registrations.tests.test_views.Step2Te
st.test_post_step2_existing_student_number) ... Step2 loaded registration Test 
Registration with 0 questions
Dynamic questions: []
Questions by ID: {}
Root questions: []
Follow-ups by parent: {}
Ordered questions: []
ok
test_post_step2_existing_user 
(registrations.tests.test_views.Step2Test.test_post_step2_existing_user) ... 
Step2 loaded registration Test Registration with 0 questions
Dynamic questions: []
Questions by ID: {}
Root questions: []
Follow-ups by parent: {}
Ordered questions: []
FAIL
test_post_step2_existing_user_different_semester (registrations.tests.test_view
s.Step2Test.test_post_step2_existing_user_different_semester) ... Step2 loaded 
registration Test Registration with 0 questions
Dynamic questions: []
Questions by ID: {}
Root questions: []
Follow-ups by parent: {}
Ordered questions: []
ok
test_post_step2_with_warning_no_ignore (registrations.tests.test_views.Step2Tes
t.test_post_step2_with_warning_no_ignore) ... Step2 loaded registration Test 
Registration with 0 questions
Dynamic questions: []
Questions by ID: {}
Root questions: []
Follow-ups by parent: {}
Ordered questions: []
FAIL
test_post_step2_wrong_email 
(registrations.tests.test_views.Step2Test.test_post_step2_wrong_email) ... 
Step2 loaded registration Test Registration with 0 questions
Dynamic questions: []
Questions by ID: {}
Root questions: []
Follow-ups by parent: {}
Ordered questions: []
FAIL
test_post_step2_wrong_email2 
(registrations.tests.test_views.Step2Test.test_post_step2_wrong_email2) ... 
Step2 loaded registration Test Registration with 0 questions
Dynamic questions: []
Questions by ID: {}
Root questions: []
Follow-ups by parent: {}
Ordered questions: []
FAIL
test_post_step2_wrong_student_number (registrations.tests.test_views.Step2Test.
test_post_step2_wrong_student_number) ... Step2 loaded registration Test 
Registration with 0 questions
Dynamic questions: []
Questions by ID: {}
Root questions: []
Follow-ups by parent: {}
Ordered questions: []
ok
test_step2 (registrations.tests.test_views.Step2Test.test_step2) ... Step2 
loaded registration Test Registration with 0 questions
Dynamic questions: []
Questions by ID: {}
Root questions: []
Follow-ups by parent: {}
Ordered questions: []
ok
test_step2_includes_initial_information (registrations.tests.test_views.Step2Te
st.test_step2_includes_initial_information) ... Step2 loaded registration Test 
Registration with 0 questions
Dynamic questions: []
Questions by ID: {}
Root questions: []
Follow-ups by parent: {}
Ordered questions: []
ok
test_step2_no_github_id 
(registrations.tests.test_views.Step2Test.test_step2_no_github_id) ... ok
test_step2_works_with_no_last_name 
(registrations.tests.test_views.Step2Test.test_step2_works_with_no_last_name) 
... Step2 loaded registration Test Registration with 0 questions
Dynamic questions: []
Questions by ID: {}
Root questions: []
Follow-ups by parent: {}
Ordered questions: []
ok

======================================================================
FAIL: test_post_step2_duplicate_project 
(registrations.tests.test_views.Step2Test.test_post_step2_duplicate_project)
----------------------------------------------------------------------
Traceback (most recent call last):
  File "C:\Users\Jensb\Documents\GiPHouse-Website\website\registrations\tests\t
est_views.py", line 271, in test_post_step2_duplicate_project
    self.assertContains(
    ~~~~~~~~~~~~~~~~~~~^
        response, "You should fill in all preferences with unique values"
        ^^^^^^^^^^^^^^^^^^^^^^^^^^^^^^^^^^^^^^^^^^^^^^^^^^^^^^^^^^^^^^^^^
    )
    ^
AssertionError: False is not true : Couldn't find 'You should fill in all 
preferences with unique values' in the following response
b'\n<!DOCTYPE html>\n<html lang="en">\n<head>\n    <title>\n        GiPHouse\n 
   </title>\n\n    <meta charset="utf-8">\n    <meta name="viewport" 
content="width=device-width, initial-scale=1, shrink-to-fit=no">\n    <link 
rel="stylesheet" href="/static/scss/main.css" type="text/css">\n\n    <link 
rel="icon" type="image/x-icon" href="/static/img/favicon/favicon.ico">\n    
<link rel="shortcut icon" type="image/png" 
href="/static/img/favicon/favicon-32x32.png"/>\n    <link 
rel="apple-touch-icon" sizes="180x180" 
href="/static/img/favicon/apple-touch-icon.png">\n    <link rel="icon" 
type="image/png" sizes="512x512" 
href="/static/img/favicon/android-chrome-512x512.png">\n    <link rel="icon" 
type="image/png" sizes="192x192" 
href="/static/img/favicon/android-chrome-192x192.png">\n    <link rel="icon" 
type="image/png" sizes="32x32" href="/static/img/favicon/favicon-32x32.png">\n 
   <link rel="icon" type="image/png" sizes="16x16" 
href="/static/img/favicon/favicon-16x16.png">\n\n    <link 
name="CSS_PLACEHOLDER">\n\n    <!-- build commit: unknown 
-->\n</head>\n<body>\n\n<nav class="navbar navbar-expand-lg navbar-dark 
bg-primary">\n    <div class="container">\n        <a class="navbar-brand 
fw-bold" href="/">GiPHouse</a>\n        <button class="navbar-toggler" 
type="button" data-bs-toggle="collapse" 
data-bs-target="#navbarSupportedContent"\n                
aria-controls="navbarSupportedContent" aria-expanded="false" 
aria-label="Toggle navigation">\n            <span 
class="navbar-toggler-icon"></span>\n        </button>\n        <div 
class="collapse navbar-collapse" id="navbarSupportedContent">\n            <ul 
class="navbar-nav me-auto">\n                \n                    \n          
              \n                            <li class="nav-item">\n            
                    <a href="/about/"\n                                   
target="_self" class="nav-link">\n                                    About\n  
                              </a>\n                            </li>\n        
                \n                    \n                \n                    
\n                        \n                            <li 
class="nav-item">\n                                <a href="/for-companies/"\n 
                                  target="_self" class="nav-link">\n           
                         For Companies\n                                </a>\n 
                           </li>\n                        \n                   
 \n                \n                    \n                        \n          
                  <li class="nav-item dropdown">\n                             
   <a class="nav-link dropdown-toggle" href="#" role="button"\n                
                   data-bs-toggle="dropdown">\n                                
    Course Content\n                                </a>\n\n                   
             <div class="dropdown-menu">\n                                    
\n                                        \n                                   
         <a href="/lectures/2026/spring/"\n                                    
           target="_self"\n                                               
class="dropdown-item">\n                                                Spring 
2026\n                                            </a>\n                       
                 \n                                    \n                      
          </div>\n                            </li>\n                        
\n                    \n                \n                    \n               
         \n                            <li class="nav-item">\n                 
               <a href="/projects/"\n                                   
target="_self" class="nav-link">\n                                    
Projects\n                                </a>\n                            
</li>\n                        \n                    \n                \n      
              \n                        \n                            <li 
class="nav-item">\n                                <a href="/reservations/"\n  
                                 target="_self" class="nav-link">\n            
                        Room Reservations\n                                
</a>\n                            </li>\n                        \n            
        \n                \n                    \n                        \n   
                         <li class="nav-item">\n                               
 <a href="/questionnaires/"\n                                   target="_self" 
class="nav-link">\n                                    Questionnaires\n        
                        </a>\n                            </li>\n              
          \n                    \n                \n                    \n     
                   \n                            <li class="nav-item">\n       
                         <a href="/contact/"\n                                 
  target="_self" class="nav-link">\n                                    
Contact\n                                </a>\n                            
</li>\n                        \n                    \n                \n      
      </ul>\n        <ul class="navbar-nav my-2 my-lg-0">\n                <li 
class="nav-item">\n                    \n                    <a 
class="nav-link" href="/logout/?next=/">Logout</a>\n                    \n     
           </li>\n            </ul>\n        </div>\n    
</div>\n</nav>\n\n<header id="page-header">\n    \n        <img 
src="/static/img/huygens.jpg" class="w-100" alt="header"/>\n    
\n</header>\n<div class="container pt-4 pb-5">\n    \n\n    <div class="alert 
alert-success alert-dismissible fade show success" role="alert">Registration 
created successfully<button type="button" class="btn-close" 
data-bs-dismiss="alert" aria-label="Close"></button></div>\n\n\n\n    \n    
<div class="row">\n        <div class="col-md">\n            
<h1>GiPHouse</h1>\n            <p>GiPHouse is a unique student-run company 
that develops software and practices entrepreneurship at the Radboud 
University.</p>\n        </div>\n    </div>\n    \n        <h2>Currently 
running projects</h2>\n        <div class="row">\n            \n               
 <div class="col-12 col-md-6 col-lg-4">\n                    <a 
class="no-underline"\n                       href="/projects/#1">\n            
            <div class="card my-2">\n                            \n            
                    <div class="client-logo client-logo-placeholder"></div>\n  
                          \n                            <div 
class="card-body">\n                                <h4 
class="card-title">project1</h4>\n                                <h6 
class="card-subtitle text-muted">\n                                    \n      
                                  Current project\n                            
        \n                                </h6>\n                            
</div>\n                        </div>\n                    </a>\n             
   </div>\n            \n                <div class="col-12 col-md-6 
col-lg-4">\n                    <a class="no-underline"\n                      
 href="/projects/#2">\n                        <div class="card my-2">\n       
                     \n                                <div class="client-logo 
client-logo-placeholder"></div>\n                            \n                
            <div class="card-body">\n                                <h4 
class="card-title">project2</h4>\n                                <h6 
class="card-subtitle text-muted">\n                                    \n      
                                  Current project\n                            
        \n                                </h6>\n                            
</div>\n                        </div>\n                    </a>\n             
   </div>\n            \n                <div class="col-12 col-md-6 
col-lg-4">\n                    <a class="no-underline"\n                      
 href="/projects/#3">\n                        <div class="card my-2">\n       
                     \n                                <div class="client-logo 
client-logo-placeholder"></div>\n                            \n                
            <div class="card-body">\n                                <h4 
class="card-title">project3</h4>\n                                <h6 
class="card-subtitle text-muted">\n                                    \n      
                                  Current project\n                            
        \n                                </h6>\n                            
</div>\n                        </div>\n                    </a>\n             
   </div>\n            \n        </div>\n    \n\n</div>\n\n<script 
src="/static/js/popper.min.js"></script>\n<script 
src="/static/js/bootstrap.bundle.min.js"></script>\n\n<script 
name="JS_PLACEHOLDER"></script>\n</body>\n</html>\n'

======================================================================
FAIL: test_post_step2_existing_email 
(registrations.tests.test_views.Step2Test.test_post_step2_existing_email)
----------------------------------------------------------------------
Traceback (most recent call last):
  File "C:\Users\Jensb\Documents\GiPHouse-Website\website\registrations\tests\t
est_views.py", line 415, in test_post_step2_existing_email
    self.assertContains(response, "Email address already in use")
    ~~~~~~~~~~~~~~~~~~~^^^^^^^^^^^^^^^^^^^^^^^^^^^^^^^^^^^^^^^^^^
AssertionError: False is not true : Couldn't find 'Email address already in 
use' in the following response
b'\n<!DOCTYPE html>\n<html lang="en">\n<head>\n    <title>\n        \n    
Registration Information - GiPHouse\n\n    </title>\n\n    <meta 
charset="utf-8">\n    <meta name="viewport" content="width=device-width, 
initial-scale=1, shrink-to-fit=no">\n    <link rel="stylesheet" 
href="/static/scss/main.css" type="text/css">\n\n    <link rel="icon" 
type="image/x-icon" href="/static/img/favicon/favicon.ico">\n    <link 
rel="shortcut icon" type="image/png" 
href="/static/img/favicon/favicon-32x32.png"/>\n    <link 
rel="apple-touch-icon" sizes="180x180" 
href="/static/img/favicon/apple-touch-icon.png">\n    <link rel="icon" 
type="image/png" sizes="512x512" 
href="/static/img/favicon/android-chrome-512x512.png">\n    <link rel="icon" 
type="image/png" sizes="192x192" 
href="/static/img/favicon/android-chrome-192x192.png">\n    <link rel="icon" 
type="image/png" sizes="32x32" href="/static/img/favicon/favicon-32x32.png">\n 
   <link rel="icon" type="image/png" sizes="16x16" 
href="/static/img/favicon/favicon-16x16.png">\n\n    <link 
name="CSS_PLACEHOLDER">\n\n    <!-- build commit: unknown 
-->\n</head>\n<body>\n\n<nav class="navbar navbar-expand-lg navbar-dark 
bg-primary">\n    <div class="container">\n        <a class="navbar-brand 
fw-bold" href="/">GiPHouse</a>\n        <button class="navbar-toggler" 
type="button" data-bs-toggle="collapse" 
data-bs-target="#navbarSupportedContent"\n                
aria-controls="navbarSupportedContent" aria-expanded="false" 
aria-label="Toggle navigation">\n            <span 
class="navbar-toggler-icon"></span>\n        </button>\n        <div 
class="collapse navbar-collapse" id="navbarSupportedContent">\n            <ul 
class="navbar-nav me-auto">\n                \n                    \n          
              \n                            <li class="nav-item">\n            
                    <a href="/about/"\n                                   
target="_self" class="nav-link">\n                                    About\n  
                              </a>\n                            </li>\n        
                \n                    \n                \n                    
\n                        \n                            <li 
class="nav-item">\n                                <a href="/for-companies/"\n 
                                  target="_self" class="nav-link">\n           
                         For Companies\n                                </a>\n 
                           </li>\n                        \n                   
 \n                \n                    \n                        \n          
                  <li class="nav-item dropdown">\n                             
   <a class="nav-link dropdown-toggle" href="#" role="button"\n                
                   data-bs-toggle="dropdown">\n                                
    Course Content\n                                </a>\n\n                   
             <div class="dropdown-menu">\n                                    
\n                                        \n                                   
         <a href="/lectures/2026/spring/"\n                                    
           target="_self"\n                                               
class="dropdown-item">\n                                                Spring 
2026\n                                            </a>\n                       
                 \n                                    \n                      
          </div>\n                            </li>\n                        
\n                    \n                \n                    \n               
         \n                            <li class="nav-item">\n                 
               <a href="/projects/"\n                                   
target="_self" class="nav-link">\n                                    
Projects\n                                </a>\n                            
</li>\n                        \n                    \n                \n      
              \n                        \n                            <li 
class="nav-item">\n                                <a href="/reservations/"\n  
                                 target="_self" class="nav-link">\n            
                        Room Reservations\n                                
</a>\n                            </li>\n                        \n            
        \n                \n                    \n                        \n   
                         <li class="nav-item">\n                               
 <a href="/contact/"\n                                   target="_self" 
class="nav-link">\n                                    Contact\n               
                 </a>\n                            </li>\n                     
   \n                    \n                \n            </ul>\n        <ul 
class="navbar-nav my-2 my-lg-0">\n                <li class="nav-item">\n      
              \n                    <a href="https://github.com/login/oauth/aut
horize?scope=user:email&amp;client_id=Iv23liE9mYKxrugudlw2&amp;redirect_uri=htt
p%3A//testserver/oauth/login/%3Fnext%3D/register/step2" class="nav-link">\n    
                    <i class="fab fa-github"></i> Login with GitHub\n          
          </a>\n                    \n                </li>\n            
</ul>\n        </div>\n    </div>\n</nav>\n\n<header id="page-header">\n    
\n\n</header>\n<div class="container pt-4 pb-5">\n    \n\n\n\n    \n    <div 
class="container col-md-6">\n        <h3>GiPHouse Registration - Step 2</h3>\n 
       <h6>Spring 2026</h6>\n        <hr>\n        <form method="post" 
class="form">\n            <input type="hidden" name="csrfmiddlewaretoken" 
value="BDbztrZCe3jEQjNoTAc9jtSfZbp4p5XwPW5crzSm1ww5vFF5dyWNao3WcMi4SKeY">\n\n  
          \n                <style>\n                    #id_ignore_warnings { 
display: none; }\n                    label[for="id_ignore_warnings"] { 
display: none; }\n                </style>\n            \n            <div 
class="mb-3"><label class="form-label" for="id_first_name">First 
name</label><input type="text" name="first_name" value="FirstTest" 
class="form-control is-valid" placeholder="First name" required 
id="id_first_name"></div><div class="mb-3"><label class="form-label" 
for="id_last_name">Last name</label><input type="text" name="last_name" 
value="LastTest" class="form-control is-valid" placeholder="Last name" 
required id="id_last_name"></div><div class="mb-3"><label class="form-label" 
for="id_email">Email</label><input type="email" name="email" 
value="test@test.com" maxlength="320" class="form-control is-valid" 
placeholder="Email" required id="id_email"></div><div class="mb-3"><label 
class="form-label" for="id_github_username">Github username</label><input 
type="text" name="github_username" value="test" class="form-control is-valid" 
placeholder="Github username" required disabled 
id="id_github_username"></div><div class="mb-3"><label class="form-label" 
for="id_github_id">Github id</label><input type="number" name="github_id" 
value="2" class="form-control is-valid" placeholder="Github id" required 
disabled id="id_github_id"></div><div class="mb-3"><label class="form-label" 
for="id_student_number">Student number</label><input type="text" 
name="student_number" value="s1234567" class="form-control is-invalid" 
placeholder="Student number" required aria-invalid="true" 
aria-describedby="id_student_number_error" id="id_student_number">\n    <div 
id="id_student_number_error" class="w-100">\n        \n            <div 
class="invalid-feedback d-block">Student Number already in use.</div>\n        
\n    </div>\n\n</div><div class="mb-3"><div class="form-check"><input 
type="checkbox" name="ignore_warnings" class="form-check-input is-valid" 
id="id_ignore_warnings"><label class="form-check-label" 
for="id_ignore_warnings">I acknowledge the warning(s) and want to proceed with 
the registration</label></div></div>\n            <button class="btn 
btn-secondary" name="submit" type="submit" value="submit">Submit</button>\n    
    </form>\n        <script 
src="/static/js/question_type_toggle_step2.js"></script>\n    
</div>\n\n</div>\n\n<script src="/static/js/popper.min.js"></script>\n<script 
src="/static/js/bootstrap.bundle.min.js"></script>\n\n<script 
name="JS_PLACEHOLDER"></script>\n</body>\n</html>\n'

======================================================================
FAIL: test_post_step2_existing_user 
(registrations.tests.test_views.Step2Test.test_post_step2_existing_user)
----------------------------------------------------------------------
Traceback (most recent call last):
  File "C:\Users\Jensb\Documents\GiPHouse-Website\website\registrations\tests\t
est_views.py", line 312, in test_post_step2_existing_user
    self.assertContains(
    ~~~~~~~~~~~~~~~~~~~^
        response, "User already registered for this semester."
        ^^^^^^^^^^^^^^^^^^^^^^^^^^^^^^^^^^^^^^^^^^^^^^^^^^^^^^
    )
    ^
AssertionError: 302 != 200 : Couldn't retrieve content: Response code was 302 
(expected 200)

======================================================================
FAIL: test_post_step2_with_warning_no_ignore (registrations.tests.test_views.St
ep2Test.test_post_step2_with_warning_no_ignore)
----------------------------------------------------------------------
Traceback (most recent call last):
  File "C:\Users\Jensb\Documents\GiPHouse-Website\website\registrations\tests\t
est_views.py", line 532, in test_post_step2_with_warning_no_ignore
    self.assertContains(
    ~~~~~~~~~~~~~~~~~~~^
        response,
        ^^^^^^^^^
        "You are only available for less than 4 scheduled timeslots",
        ^^^^^^^^^^^^^^^^^^^^^^^^^^^^^^^^^^^^^^^^^^^^^^^^^^^^^^^^^^^^^
    )
    ^
AssertionError: False is not true : Couldn't find 'You are only available for 
less than 4 scheduled timeslots' in the following response
b'\n<!DOCTYPE html>\n<html lang="en">\n<head>\n    <title>\n        GiPHouse\n 
   </title>\n\n    <meta charset="utf-8">\n    <meta name="viewport" 
content="width=device-width, initial-scale=1, shrink-to-fit=no">\n    <link 
rel="stylesheet" href="/static/scss/main.css" type="text/css">\n\n    <link 
rel="icon" type="image/x-icon" href="/static/img/favicon/favicon.ico">\n    
<link rel="shortcut icon" type="image/png" 
href="/static/img/favicon/favicon-32x32.png"/>\n    <link 
rel="apple-touch-icon" sizes="180x180" 
href="/static/img/favicon/apple-touch-icon.png">\n    <link rel="icon" 
type="image/png" sizes="512x512" 
href="/static/img/favicon/android-chrome-512x512.png">\n    <link rel="icon" 
type="image/png" sizes="192x192" 
href="/static/img/favicon/android-chrome-192x192.png">\n    <link rel="icon" 
type="image/png" sizes="32x32" href="/static/img/favicon/favicon-32x32.png">\n 
   <link rel="icon" type="image/png" sizes="16x16" 
href="/static/img/favicon/favicon-16x16.png">\n\n    <link 
name="CSS_PLACEHOLDER">\n\n    <!-- build commit: unknown 
-->\n</head>\n<body>\n\n<nav class="navbar navbar-expand-lg navbar-dark 
bg-primary">\n    <div class="container">\n        <a class="navbar-brand 
fw-bold" href="/">GiPHouse</a>\n        <button class="navbar-toggler" 
type="button" data-bs-toggle="collapse" 
data-bs-target="#navbarSupportedContent"\n                
aria-controls="navbarSupportedContent" aria-expanded="false" 
aria-label="Toggle navigation">\n            <span 
class="navbar-toggler-icon"></span>\n        </button>\n        <div 
class="collapse navbar-collapse" id="navbarSupportedContent">\n            <ul 
class="navbar-nav me-auto">\n                \n                    \n          
              \n                            <li class="nav-item">\n            
                    <a href="/about/"\n                                   
target="_self" class="nav-link">\n                                    About\n  
                              </a>\n                            </li>\n        
                \n                    \n                \n                    
\n                        \n                            <li 
class="nav-item">\n                                <a href="/for-companies/"\n 
                                  target="_self" class="nav-link">\n           
                         For Companies\n                                </a>\n 
                           </li>\n                        \n                   
 \n                \n                    \n                        \n          
                  <li class="nav-item dropdown">\n                             
   <a class="nav-link dropdown-toggle" href="#" role="button"\n                
                   data-bs-toggle="dropdown">\n                                
    Course Content\n                                </a>\n\n                   
             <div class="dropdown-menu">\n                                    
\n                                        \n                                   
         <a href="/lectures/2026/spring/"\n                                    
           target="_self"\n                                               
class="dropdown-item">\n                                                Spring 
2026\n                                            </a>\n                       
                 \n                                    \n                      
          </div>\n                            </li>\n                        
\n                    \n                \n                    \n               
         \n                            <li class="nav-item">\n                 
               <a href="/projects/"\n                                   
target="_self" class="nav-link">\n                                    
Projects\n                                </a>\n                            
</li>\n                        \n                    \n                \n      
              \n                        \n                            <li 
class="nav-item">\n                                <a href="/reservations/"\n  
                                 target="_self" class="nav-link">\n            
                        Room Reservations\n                                
</a>\n                            </li>\n                        \n            
        \n                \n                    \n                        \n   
                         <li class="nav-item">\n                               
 <a href="/questionnaires/"\n                                   target="_self" 
class="nav-link">\n                                    Questionnaires\n        
                        </a>\n                            </li>\n              
          \n                    \n                \n                    \n     
                   \n                            <li class="nav-item">\n       
                         <a href="/contact/"\n                                 
  target="_self" class="nav-link">\n                                    
Contact\n                                </a>\n                            
</li>\n                        \n                    \n                \n      
      </ul>\n        <ul class="navbar-nav my-2 my-lg-0">\n                <li 
class="nav-item">\n                    \n                    <a 
class="nav-link" href="/logout/?next=/">Logout</a>\n                    \n     
           </li>\n            </ul>\n        </div>\n    
</div>\n</nav>\n\n<header id="page-header">\n    \n        <img 
src="/static/img/huygens.jpg" class="w-100" alt="header"/>\n    
\n</header>\n<div class="container pt-4 pb-5">\n    \n\n    <div class="alert 
alert-success alert-dismissible fade show success" role="alert">Registration 
created successfully<button type="button" class="btn-close" 
data-bs-dismiss="alert" aria-label="Close"></button></div>\n\n\n\n    \n    
<div class="row">\n        <div class="col-md">\n            
<h1>GiPHouse</h1>\n            <p>GiPHouse is a unique student-run company 
that develops software and practices entrepreneurship at the Radboud 
University.</p>\n        </div>\n    </div>\n    \n        <h2>Currently 
running projects</h2>\n        <div class="row">\n            \n               
 <div class="col-12 col-md-6 col-lg-4">\n                    <a 
class="no-underline"\n                       href="/projects/#1">\n            
            <div class="card my-2">\n                            \n            
                    <div class="client-logo client-logo-placeholder"></div>\n  
                          \n                            <div 
class="card-body">\n                                <h4 
class="card-title">project1</h4>\n                                <h6 
class="card-subtitle text-muted">\n                                    \n      
                                  Current project\n                            
        \n                                </h6>\n                            
</div>\n                        </div>\n                    </a>\n             
   </div>\n            \n                <div class="col-12 col-md-6 
col-lg-4">\n                    <a class="no-underline"\n                      
 href="/projects/#2">\n                        <div class="card my-2">\n       
                     \n                                <div class="client-logo 
client-logo-placeholder"></div>\n                            \n                
            <div class="card-body">\n                                <h4 
class="card-title">project2</h4>\n                                <h6 
class="card-subtitle text-muted">\n                                    \n      
                                  Current project\n                            
        \n                                </h6>\n                            
</div>\n                        </div>\n                    </a>\n             
   </div>\n            \n                <div class="col-12 col-md-6 
col-lg-4">\n                    <a class="no-underline"\n                      
 href="/projects/#3">\n                        <div class="card my-2">\n       
                     \n                                <div class="client-logo 
client-logo-placeholder"></div>\n                            \n                
            <div class="card-body">\n                                <h4 
class="card-title">project3</h4>\n                                <h6 
class="card-subtitle text-muted">\n                                    \n      
                                  Current project\n                            
        \n                                </h6>\n                            
</div>\n                        </div>\n                    </a>\n             
   </div>\n            \n        </div>\n    \n\n</div>\n\n<script 
src="/static/js/popper.min.js"></script>\n<script 
src="/static/js/bootstrap.bundle.min.js"></script>\n\n<script 
name="JS_PLACEHOLDER"></script>\n</body>\n</html>\n'

======================================================================
FAIL: test_post_step2_wrong_email 
(registrations.tests.test_views.Step2Test.test_post_step2_wrong_email)
----------------------------------------------------------------------
Traceback (most recent call last):
  File "C:\Users\Jensb\Documents\GiPHouse-Website\website\registrations\tests\t
est_views.py", line 562, in test_post_step2_wrong_email
    self.assertContains(response, "Non-existent email address.")
    ~~~~~~~~~~~~~~~~~~~^^^^^^^^^^^^^^^^^^^^^^^^^^^^^^^^^^^^^^^^^
AssertionError: False is not true : Couldn't find 'Non-existent email 
address.' in the following response
b'\n<!DOCTYPE html>\n<html lang="en">\n<head>\n    <title>\n        GiPHouse\n 
   </title>\n\n    <meta charset="utf-8">\n    <meta name="viewport" 
content="width=device-width, initial-scale=1, shrink-to-fit=no">\n    <link 
rel="stylesheet" href="/static/scss/main.css" type="text/css">\n\n    <link 
rel="icon" type="image/x-icon" href="/static/img/favicon/favicon.ico">\n    
<link rel="shortcut icon" type="image/png" 
href="/static/img/favicon/favicon-32x32.png"/>\n    <link 
rel="apple-touch-icon" sizes="180x180" 
href="/static/img/favicon/apple-touch-icon.png">\n    <link rel="icon" 
type="image/png" sizes="512x512" 
href="/static/img/favicon/android-chrome-512x512.png">\n    <link rel="icon" 
type="image/png" sizes="192x192" 
href="/static/img/favicon/android-chrome-192x192.png">\n    <link rel="icon" 
type="image/png" sizes="32x32" href="/static/img/favicon/favicon-32x32.png">\n 
   <link rel="icon" type="image/png" sizes="16x16" 
href="/static/img/favicon/favicon-16x16.png">\n\n    <link 
name="CSS_PLACEHOLDER">\n\n    <!-- build commit: unknown 
-->\n</head>\n<body>\n\n<nav class="navbar navbar-expand-lg navbar-dark 
bg-primary">\n    <div class="container">\n        <a class="navbar-brand 
fw-bold" href="/">GiPHouse</a>\n        <button class="navbar-toggler" 
type="button" data-bs-toggle="collapse" 
data-bs-target="#navbarSupportedContent"\n                
aria-controls="navbarSupportedContent" aria-expanded="false" 
aria-label="Toggle navigation">\n            <span 
class="navbar-toggler-icon"></span>\n        </button>\n        <div 
class="collapse navbar-collapse" id="navbarSupportedContent">\n            <ul 
class="navbar-nav me-auto">\n                \n                    \n          
              \n                            <li class="nav-item">\n            
                    <a href="/about/"\n                                   
target="_self" class="nav-link">\n                                    About\n  
                              </a>\n                            </li>\n        
                \n                    \n                \n                    
\n                        \n                            <li 
class="nav-item">\n                                <a href="/for-companies/"\n 
                                  target="_self" class="nav-link">\n           
                         For Companies\n                                </a>\n 
                           </li>\n                        \n                   
 \n                \n                    \n                        \n          
                  <li class="nav-item dropdown">\n                             
   <a class="nav-link dropdown-toggle" href="#" role="button"\n                
                   data-bs-toggle="dropdown">\n                                
    Course Content\n                                </a>\n\n                   
             <div class="dropdown-menu">\n                                    
\n                                        \n                                   
         <a href="/lectures/2026/spring/"\n                                    
           target="_self"\n                                               
class="dropdown-item">\n                                                Spring 
2026\n                                            </a>\n                       
                 \n                                    \n                      
          </div>\n                            </li>\n                        
\n                    \n                \n                    \n               
         \n                            <li class="nav-item">\n                 
               <a href="/projects/"\n                                   
target="_self" class="nav-link">\n                                    
Projects\n                                </a>\n                            
</li>\n                        \n                    \n                \n      
              \n                        \n                            <li 
class="nav-item">\n                                <a href="/reservations/"\n  
                                 target="_self" class="nav-link">\n            
                        Room Reservations\n                                
</a>\n                            </li>\n                        \n            
        \n                \n                    \n                        \n   
                         <li class="nav-item">\n                               
 <a href="/questionnaires/"\n                                   target="_self" 
class="nav-link">\n                                    Questionnaires\n        
                        </a>\n                            </li>\n              
          \n                    \n                \n                    \n     
                   \n                            <li class="nav-item">\n       
                         <a href="/contact/"\n                                 
  target="_self" class="nav-link">\n                                    
Contact\n                                </a>\n                            
</li>\n                        \n                    \n                \n      
      </ul>\n        <ul class="navbar-nav my-2 my-lg-0">\n                <li 
class="nav-item">\n                    \n                    <a 
class="nav-link" href="/logout/?next=/">Logout</a>\n                    \n     
           </li>\n            </ul>\n        </div>\n    
</div>\n</nav>\n\n<header id="page-header">\n    \n        <img 
src="/static/img/huygens.jpg" class="w-100" alt="header"/>\n    
\n</header>\n<div class="container pt-4 pb-5">\n    \n\n    <div class="alert 
alert-success alert-dismissible fade show success" role="alert">Registration 
created successfully<button type="button" class="btn-close" 
data-bs-dismiss="alert" aria-label="Close"></button></div>\n\n\n\n    \n    
<div class="row">\n        <div class="col-md">\n            
<h1>GiPHouse</h1>\n            <p>GiPHouse is a unique student-run company 
that develops software and practices entrepreneurship at the Radboud 
University.</p>\n        </div>\n    </div>\n    \n        <h2>Currently 
running projects</h2>\n        <div class="row">\n            \n               
 <div class="col-12 col-md-6 col-lg-4">\n                    <a 
class="no-underline"\n                       href="/projects/#1">\n            
            <div class="card my-2">\n                            \n            
                    <div class="client-logo client-logo-placeholder"></div>\n  
                          \n                            <div 
class="card-body">\n                                <h4 
class="card-title">project1</h4>\n                                <h6 
class="card-subtitle text-muted">\n                                    \n      
                                  Current project\n                            
        \n                                </h6>\n                            
</div>\n                        </div>\n                    </a>\n             
   </div>\n            \n                <div class="col-12 col-md-6 
col-lg-4">\n                    <a class="no-underline"\n                      
 href="/projects/#2">\n                        <div class="card my-2">\n       
                     \n                                <div class="client-logo 
client-logo-placeholder"></div>\n                            \n                
            <div class="card-body">\n                                <h4 
class="card-title">project2</h4>\n                                <h6 
class="card-subtitle text-muted">\n                                    \n      
                                  Current project\n                            
        \n                                </h6>\n                            
</div>\n                        </div>\n                    </a>\n             
   </div>\n            \n                <div class="col-12 col-md-6 
col-lg-4">\n                    <a class="no-underline"\n                      
 href="/projects/#3">\n                        <div class="card my-2">\n       
                     \n                                <div class="client-logo 
client-logo-placeholder"></div>\n                            \n                
            <div class="card-body">\n                                <h4 
class="card-title">project3</h4>\n                                <h6 
class="card-subtitle text-muted">\n                                    \n      
                                  Current project\n                            
        \n                                </h6>\n                            
</div>\n                        </div>\n                    </a>\n             
   </div>\n            \n        </div>\n    \n\n</div>\n\n<script 
src="/static/js/popper.min.js"></script>\n<script 
src="/static/js/bootstrap.bundle.min.js"></script>\n\n<script 
name="JS_PLACEHOLDER"></script>\n</body>\n</html>\n'

======================================================================
FAIL: test_post_step2_wrong_email2 
(registrations.tests.test_views.Step2Test.test_post_step2_wrong_email2)
----------------------------------------------------------------------
Traceback (most recent call last):
  File "C:\Users\Jensb\Documents\GiPHouse-Website\website\registrations\tests\t
est_views.py", line 589, in test_post_step2_wrong_email2
    self.assertContains(response, "Non-existent email address.")
    ~~~~~~~~~~~~~~~~~~~^^^^^^^^^^^^^^^^^^^^^^^^^^^^^^^^^^^^^^^^^
AssertionError: False is not true : Couldn't find 'Non-existent email 
address.' in the following response
b'\n<!DOCTYPE html>\n<html lang="en">\n<head>\n    <title>\n        GiPHouse\n 
   </title>\n\n    <meta charset="utf-8">\n    <meta name="viewport" 
content="width=device-width, initial-scale=1, shrink-to-fit=no">\n    <link 
rel="stylesheet" href="/static/scss/main.css" type="text/css">\n\n    <link 
rel="icon" type="image/x-icon" href="/static/img/favicon/favicon.ico">\n    
<link rel="shortcut icon" type="image/png" 
href="/static/img/favicon/favicon-32x32.png"/>\n    <link 
rel="apple-touch-icon" sizes="180x180" 
href="/static/img/favicon/apple-touch-icon.png">\n    <link rel="icon" 
type="image/png" sizes="512x512" 
href="/static/img/favicon/android-chrome-512x512.png">\n    <link rel="icon" 
type="image/png" sizes="192x192" 
href="/static/img/favicon/android-chrome-192x192.png">\n    <link rel="icon" 
type="image/png" sizes="32x32" href="/static/img/favicon/favicon-32x32.png">\n 
   <link rel="icon" type="image/png" sizes="16x16" 
href="/static/img/favicon/favicon-16x16.png">\n\n    <link 
name="CSS_PLACEHOLDER">\n\n    <!-- build commit: unknown 
-->\n</head>\n<body>\n\n<nav class="navbar navbar-expand-lg navbar-dark 
bg-primary">\n    <div class="container">\n        <a class="navbar-brand 
fw-bold" href="/">GiPHouse</a>\n        <button class="navbar-toggler" 
type="button" data-bs-toggle="collapse" 
data-bs-target="#navbarSupportedContent"\n                
aria-controls="navbarSupportedContent" aria-expanded="false" 
aria-label="Toggle navigation">\n            <span 
class="navbar-toggler-icon"></span>\n        </button>\n        <div 
class="collapse navbar-collapse" id="navbarSupportedContent">\n            <ul 
class="navbar-nav me-auto">\n                \n                    \n          
              \n                            <li class="nav-item">\n            
                    <a href="/about/"\n                                   
target="_self" class="nav-link">\n                                    About\n  
                              </a>\n                            </li>\n        
                \n                    \n                \n                    
\n                        \n                            <li 
class="nav-item">\n                                <a href="/for-companies/"\n 
                                  target="_self" class="nav-link">\n           
                         For Companies\n                                </a>\n 
                           </li>\n                        \n                   
 \n                \n                    \n                        \n          
                  <li class="nav-item dropdown">\n                             
   <a class="nav-link dropdown-toggle" href="#" role="button"\n                
                   data-bs-toggle="dropdown">\n                                
    Course Content\n                                </a>\n\n                   
             <div class="dropdown-menu">\n                                    
\n                                        \n                                   
         <a href="/lectures/2026/spring/"\n                                    
           target="_self"\n                                               
class="dropdown-item">\n                                                Spring 
2026\n                                            </a>\n                       
                 \n                                    \n                      
          </div>\n                            </li>\n                        
\n                    \n                \n                    \n               
         \n                            <li class="nav-item">\n                 
               <a href="/projects/"\n                                   
target="_self" class="nav-link">\n                                    
Projects\n                                </a>\n                            
</li>\n                        \n                    \n                \n      
              \n                        \n                            <li 
class="nav-item">\n                                <a href="/reservations/"\n  
                                 target="_self" class="nav-link">\n            
                        Room Reservations\n                                
</a>\n                            </li>\n                        \n            
        \n                \n                    \n                        \n   
                         <li class="nav-item">\n                               
 <a href="/questionnaires/"\n                                   target="_self" 
class="nav-link">\n                                    Questionnaires\n        
                        </a>\n                            </li>\n              
          \n                    \n                \n                    \n     
                   \n                            <li class="nav-item">\n       
                         <a href="/contact/"\n                                 
  target="_self" class="nav-link">\n                                    
Contact\n                                </a>\n                            
</li>\n                        \n                    \n                \n      
      </ul>\n        <ul class="navbar-nav my-2 my-lg-0">\n                <li 
class="nav-item">\n                    \n                    <a 
class="nav-link" href="/logout/?next=/">Logout</a>\n                    \n     
           </li>\n            </ul>\n        </div>\n    
</div>\n</nav>\n\n<header id="page-header">\n    \n        <img 
src="/static/img/huygens.jpg" class="w-100" alt="header"/>\n    
\n</header>\n<div class="container pt-4 pb-5">\n    \n\n    <div class="alert 
alert-success alert-dismissible fade show success" role="alert">Registration 
created successfully<button type="button" class="btn-close" 
data-bs-dismiss="alert" aria-label="Close"></button></div>\n\n\n\n    \n    
<div class="row">\n        <div class="col-md">\n            
<h1>GiPHouse</h1>\n            <p>GiPHouse is a unique student-run company 
that develops software and practices entrepreneurship at the Radboud 
University.</p>\n        </div>\n    </div>\n    \n        <h2>Currently 
running projects</h2>\n        <div class="row">\n            \n               
 <div class="col-12 col-md-6 col-lg-4">\n                    <a 
class="no-underline"\n                       href="/projects/#1">\n            
            <div class="card my-2">\n                            \n            
                    <div class="client-logo client-logo-placeholder"></div>\n  
                          \n                            <div 
class="card-body">\n                                <h4 
class="card-title">project1</h4>\n                                <h6 
class="card-subtitle text-muted">\n                                    \n      
                                  Current project\n                            
        \n                                </h6>\n                            
</div>\n                        </div>\n                    </a>\n             
   </div>\n            \n                <div class="col-12 col-md-6 
col-lg-4">\n                    <a class="no-underline"\n                      
 href="/projects/#2">\n                        <div class="card my-2">\n       
                     \n                                <div class="client-logo 
client-logo-placeholder"></div>\n                            \n                
            <div class="card-body">\n                                <h4 
class="card-title">project2</h4>\n                                <h6 
class="card-subtitle text-muted">\n                                    \n      
                                  Current project\n                            
        \n                                </h6>\n                            
</div>\n                        </div>\n                    </a>\n             
   </div>\n            \n                <div class="col-12 col-md-6 
col-lg-4">\n                    <a class="no-underline"\n                      
 href="/projects/#3">\n                        <div class="card my-2">\n       
                     \n                                <div class="client-logo 
client-logo-placeholder"></div>\n                            \n                
            <div class="card-body">\n                                <h4 
class="card-title">project3</h4>\n                                <h6 
class="card-subtitle text-muted">\n                                    \n      
                                  Current project\n                            
        \n                                </h6>\n                            
</div>\n                        </div>\n                    </a>\n             
   </div>\n            \n        </div>\n    \n\n</div>\n\n<script 
src="/static/js/popper.min.js"></script>\n<script 
src="/static/js/bootstrap.bundle.min.js"></script>\n\n<script 
name="JS_PLACEHOLDER"></script>\n</body>\n</html>\n'

----------------------------------------------------------------------
Ran 21 tests in 2.004s

FAILED (failures=6)
Destroying test database for alias 'default' 
('file:memorydb_default?mode=memory&cache=shared')...

  Applying tasks.0001_initial... OK
System check identified no issues (0 silenced).
